// Jest Snapshot v1, https://goo.gl/fbAQLP

exports[`footer renders correctly 1`] = `
<div
  className="css-1hcg4a0 eyr31qi0"
/>
`;
